// Vitest Snapshot v1

exports[`CSV Import > imports csv 1`] = `
[
  {
    "attributeId": "name",
    "entityId": "31303030-3030-4030-b030-303030303030",
    "id": ":31303030-3030-4030-b030-303030303030:name:s~Devin",
    "space": "",
    "value": {
      "type": "string",
      "value": "Devin",
    },
  },
  {
    "attributeId": "type",
    "entityId": "31303030-3030-4030-b030-303030303030",
    "id": ":31303030-3030-4030-b030-303030303030:type:e~70657273-6f6e-4030-b030-303030303030",
    "space": "",
    "value": {
      "type": "entity",
      "value": "70657273-6f6e-4030-b030-303030303030",
    },
  },
  {
    "attributeId": "name",
    "entityId": "32303030-3030-4030-b030-303030303030",
    "id": ":32303030-3030-4030-b030-303030303030:name:s~Sam",
    "space": "",
    "value": {
      "type": "string",
      "value": "Sam",
    },
  },
  {
    "attributeId": "type",
    "entityId": "32303030-3030-4030-b030-303030303030",
    "id": ":32303030-3030-4030-b030-303030303030:type:e~70657273-6f6e-4030-b030-303030303030",
    "space": "",
    "value": {
      "type": "entity",
      "value": "70657273-6f6e-4030-b030-303030303030",
    },
  },
  {
    "attributeId": "type",
    "entityId": "70657273-6f6e-4030-b030-303030303030",
    "id": ":70657273-6f6e-4030-b030-303030303030:type:e~type",
    "space": "",
    "value": {
      "type": "entity",
      "value": "type",
    },
  },
  {
    "attributeId": "name",
    "entityId": "70657273-6f6e-4030-b030-303030303030",
    "id": ":70657273-6f6e-4030-b030-303030303030:name:s~Person",
    "space": "",
    "value": {
      "type": "string",
      "value": "Person",
    },
  },
]
`;

exports[`CSV Import > imports health data format 1`] = `
[
  {
    "attributeId": "type",
    "entityId": "content",
    "id": ":content:type:e~type",
    "space": "",
    "value": {
      "type": "entity",
      "value": "type",
    },
  },
  {
    "attributeId": "name",
    "entityId": "content",
    "id": ":content:name:s~Content",
    "space": "",
    "value": {
      "type": "string",
      "value": "Content",
    },
  },
  {
    "attributeId": "type",
    "entityId": "source",
    "id": ":source:type:e~type",
    "space": "",
    "value": {
      "type": "entity",
      "value": "type",
    },
  },
  {
    "attributeId": "name",
    "entityId": "source",
    "id": ":source:name:s~Source",
    "space": "",
    "value": {
      "type": "string",
      "value": "Source",
    },
  },
  {
    "attributeId": "type",
    "entityId": "source location",
    "id": ":source location:type:e~type",
    "space": "",
    "value": {
      "type": "entity",
      "value": "type",
    },
  },
  {
    "attributeId": "name",
    "entityId": "source location",
    "id": ":source location:name:s~Source Location",
    "space": "",
    "value": {
      "type": "string",
      "value": "Source Location",
    },
  },
  {
    "attributeId": "type",
    "entityId": "category",
    "id": ":category:type:e~type",
    "space": "",
    "value": {
      "type": "entity",
      "value": "type",
    },
  },
  {
    "attributeId": "name",
    "entityId": "category",
    "id": ":category:name:s~Category",
    "space": "",
    "value": {
      "type": "string",
      "value": "Category",
    },
  },
  {
    "attributeId": "content",
    "entityId": "10000000",
    "id": ":10000000:content:s~Episode 1: How Your Brain Works & Changes | Huberman Lab",
    "space": "",
    "value": {
      "type": "string",
      "value": "Episode 1: How Your Brain Works & Changes | Huberman Lab",
    },
  },
  {
    "attributeId": "source",
    "entityId": "10000000",
    "id": ":10000000:source:e~1000001",
    "space": "",
    "value": {
      "type": "entity",
      "value": "1000001",
    },
  },
  {
    "attributeId": "source location",
    "entityId": "10000000",
    "id": ":10000000:source location:e~2000133",
    "space": "",
    "value": {
      "type": "entity",
      "value": "2000133",
    },
  },
  {
    "attributeId": "category",
    "entityId": "10000000",
    "id": ":10000000:category:e~3000000",
    "space": "",
    "value": {
      "type": "entity",
      "value": "3000000",
    },
  },
  {
    "attributeId": "name",
    "entityId": "1000001",
    "id": ":1000001:name:s~Dr. Andrew Huberman",
    "space": "",
    "value": {
      "type": "string",
      "value": "Dr. Andrew Huberman",
    },
  },
  {
    "attributeId": "name",
    "entityId": "2000133",
    "id": ":2000133:name:s~Episode 01: How Your Brain Works & Changes | Huberman Lab",
    "space": "",
    "value": {
      "type": "string",
      "value": "Episode 01: How Your Brain Works & Changes | Huberman Lab",
    },
  },
  {
    "attributeId": "name",
    "entityId": "3000000",
    "id": ":3000000:name:s~Health",
    "space": "",
    "value": {
      "type": "string",
      "value": "Health",
    },
  },
]
`;
