// Vitest Snapshot v1

exports[`TableBlock SDK > Builds a graphql query from table block filters for the postgraphile-based substreams API 1`] = `"triples: { some: { attributeId: { equalTo: \\"type\\" }, textValue: { equalToInsensitive: \\"Value 1\\"} } }"`;

exports[`TableBlock SDK > Builds a graphql query from table block filters for the postgraphile-based substreams API 2`] = `"and: []"`;

exports[`TableBlock SDK > Builds a graphql query from table block filters for the postgraphile-based substreams API 3`] = `"name: { startsWithInsensitive: \\"id 1\\" }"`;

exports[`TableBlock SDK > Builds a graphql query from table block filters for the postgraphile-based substreams API 4`] = `"and: [{ triples: { some: { attributeId: { equalTo: \\"type\\" }, textValue: { equalToInsensitive: \\"Value 1\\"} } } }, { name: { startsWithInsensitive: \\"id 1\\" } }]"`;

exports[`TableBlock SDK > Builds a graphql query from table block filters for the postgraphile-based substreams API 5`] = `
"versionSpaces: {
          some: {
            spaceId: { equalTo: \\"0x0000000000000000000000000000000000000000\\" }
          }
        }"
`;
